---
source: crates/bal-parser/src/parser_test.rs
assertion_line: 88
expression: parse(input)
---
Ok(
    GreenNode {
        kind: SyntaxKind(
            39,
        ),
        text_len: 88,
        n_children: 3,
    },
)
