---
source: crates/bal-parser/src/parser_test.rs
assertion_line: 45
expression: parse(input)
---
GreenNode {
    kind: SyntaxKind(
        38,
    ),
    text_len: 0,
    n_children: 0,
}
