---
source: crates/bal-parser/src/parser_test.rs
assertion_line: 69
expression: parse(input)
---
GreenNode {
    kind: SyntaxKind(
        38,
    ),
    text_len: 37,
    n_children: 1,
}
