---
source: crates/bal-parser/src/parser_test.rs
assertion_line: 53
expression: parse(input)
---
Ok(
    GreenNode {
        kind: SyntaxKind(
            38,
        ),
        text_len: 14,
        n_children: 1,
    },
)
