---
source: crates/bal-parser/src/parser_test.rs
assertion_line: 68
expression: parse(input)
---
Ok(
    GreenNode {
        kind: SyntaxKind(
            39,
        ),
        text_len: 23,
        n_children: 1,
    },
)
